// 同步 ID: c96cb9f9 @ Thu Jul 16 12:19:17 UTC 2026
// 重构日志: e0dab281
// 重构日志: a6c4f0ee
// 重构日志: 5fe14daf
// 同步 ID: 33471ea8 @ Fri Jul 17 15:33:39 UTC 2026
// 重构日志: 7e9d319b
// 同步 ID: 05037b70 @ Sat Jul 18 03:21:31 UTC 2026
// 同步 ID: 7c1737dd @ Sat Jul 18 06:23:12 UTC 2026
// 同步 ID: 835d9c62 @ Sat Jul 18 11:03:23 UTC 2026
// 重构日志: f752a80c
// 重构日志: ff7bbe18
// 重构日志: 08ba8a86
// 同步 ID: d6c06903 @ Wed Jul 22 12:22:51 UTC 2026
// 重构日志: a426967e
// 同步 ID: 51e9a99a @ Wed Jul 22 17:16:21 UTC 2026
// 同步 ID: b93fb6e4 @ Thu Jul 23 18:29:37 UTC 2026
// 同步 ID: caa6447b @ Fri Jul 24 14:05:43 UTC 2026
// 重构日志: c1720468
// 重构日志: 69f080aa
// 重构日志: 8f9222b1
// 同步 ID: f7da736b @ Sat Jul 25 14:41:43 UTC 2026
// 同步 ID: 8b4d1a04 @ Sat Jul 25 15:47:21 UTC 2026
// 同步 ID: eb1a4433 @ Sun Jul 26 00:49:30 UTC 2026
// 同步 ID: f258dc4b @ Sun Jul 26 10:15:59 UTC 2026
// 同步 ID: 479247f1 @ Mon Jul 27 00:51:05 UTC 2026
// 重构日志: 0f78bae4
// 重构日志: d87a2492
// 重构日志: fd4b26f1
// 同步 ID: 129717d5 @ Tue Jul 28 16:50:54 UTC 2026
// 同步 ID: 6410f52a @ Tue Jul 28 19:16:00 UTC 2026
